[2026-09-18 20:24:51] local.ERROR: The /media/rumon/PLANT/onekkisubd-dev/bootstrap/cache directory must be present and writable. {"exception":"[object] (Exception(code: 0): The /media/rumon/PLANT/onekkisubd-dev/bootstrap/cache directory must be present and writable. at /media/rumon/PLANT/onekkisubd-dev/vendor/laravel/framework/src/Illuminate/Foundation/PackageManifest.php:178)
[stacktrace]
#0 /media/rumon/PLANT/onekkisubd-dev/vendor/laravel/framework/src/Illuminate/Foundation/PackageManifest.php(131): Illuminate\\Foundation\\PackageManifest->write()
#1 /media/rumon/PLANT/onekkisubd-dev/vendor/laravel/framework/src/Illuminate/Foundation/PackageManifest.php(107): Illuminate\\Foundation\\PackageManifest->build()
#2 /media/rumon/PLANT/onekkisubd-dev/vendor/laravel/framework/src/Illuminate/Foundation/PackageManifest.php(90): Illuminate\\Foundation\\PackageManifest->getManifest()
#3 /media/rumon/PLANT/onekkisubd-dev/vendor/laravel/framework/src/Illuminate/Foundation/PackageManifest.php(79): Illuminate\\Foundation\\PackageManifest->config()
#4 /media/rumon/PLANT/onekkisubd-dev/vendor/laravel/framework/src/Illuminate/Foundation/Bootstrap/RegisterFacades.php(26): Illuminate\\Foundation\\PackageManifest->aliases()
#5 /media/rumon/PLANT/onekkisubd-dev/vendor/laravel/framework/src/Illuminate/Foundation/Application.php(242): Illuminate\\Foundation\\Bootstrap\\RegisterFacades->bootstrap()
#6 /media/rumon/PLANT/onekkisubd-dev/vendor/laravel/framework/src/Illuminate/Foundation/Console/Kernel.php(383): Illuminate\\Foundation\\Application->bootstrapWith()
#7 /media/rumon/PLANT/onekkisubd-dev/vendor/laravel/framework/src/Illuminate/Foundation/Console/Kernel.php(153): Illuminate\\Foundation\\Console\\Kernel->bootstrap()
#8 /media/rumon/PLANT/onekkisubd-dev/artisan(35): Illuminate\\Foundation\\Console\\Kernel->handle()
#9 {main}
"} 
[2026-09-18 20:25:32] local.ERROR: Class "shurjopayv2\ShurjopayLaravelPackage8\ShurjopayServiceProvider" not found {"exception":"[object] (Error(code: 0): Class \"shurjopayv2\\ShurjopayLaravelPackage8\\ShurjopayServiceProvider\" not found at /media/rumon/PLANT/onekkisubd-dev/vendor/laravel/framework/src/Illuminate/Foundation/ProviderRepository.php:208)
[stacktrace]
#0 /media/rumon/PLANT/onekkisubd-dev/vendor/laravel/framework/src/Illuminate/Foundation/ProviderRepository.php(144): Illuminate\\Foundation\\ProviderRepository->createProvider()
#1 /media/rumon/PLANT/onekkisubd-dev/vendor/laravel/framework/src/Illuminate/Foundation/ProviderRepository.php(61): Illuminate\\Foundation\\ProviderRepository->compileManifest()
#2 /media/rumon/PLANT/onekkisubd-dev/vendor/laravel/framework/src/Illuminate/Foundation/Application.php(666): Illuminate\\Foundation\\ProviderRepository->load()
#3 /media/rumon/PLANT/onekkisubd-dev/vendor/laravel/framework/src/Illuminate/Foundation/Bootstrap/RegisterProviders.php(17): Illuminate\\Foundation\\Application->registerConfiguredProviders()
#4 /media/rumon/PLANT/onekkisubd-dev/vendor/laravel/framework/src/Illuminate/Foundation/Application.php(242): Illuminate\\Foundation\\Bootstrap\\RegisterProviders->bootstrap()
#5 /media/rumon/PLANT/onekkisubd-dev/vendor/laravel/framework/src/Illuminate/Foundation/Console/Kernel.php(383): Illuminate\\Foundation\\Application->bootstrapWith()
#6 /media/rumon/PLANT/onekkisubd-dev/vendor/laravel/framework/src/Illuminate/Foundation/Console/Kernel.php(153): Illuminate\\Foundation\\Console\\Kernel->bootstrap()
#7 /media/rumon/PLANT/onekkisubd-dev/artisan(35): Illuminate\\Foundation\\Console\\Kernel->handle()
#8 {main}
"} 
[2026-09-18 20:25:59] local.ERROR: SQLSTATE[HY000] [1045] Access denied for user 'u458093468_onekkisubd'@'localhost' (using password: YES) (SQL: select * from `payment_gateways` where (`status` = 1 and `type` = shurjopay) limit 1) {"exception":"[object] (Illuminate\\Database\\QueryException(code: 1045): SQLSTATE[HY000] [1045] Access denied for user 'u458093468_onekkisubd'@'localhost' (using password: YES) (SQL: select * from `payment_gateways` where (`status` = 1 and `type` = shurjopay) limit 1) at /media/rumon/PLANT/onekkisubd-dev/vendor/laravel/framework/src/Illuminate/Database/Connection.php:760)
[stacktrace]
#0 /media/rumon/PLANT/onekkisubd-dev/vendor/laravel/framework/src/Illuminate/Database/Connection.php(720): Illuminate\\Database\\Connection->runQueryCallback()
#1 /media/rumon/PLANT/onekkisubd-dev/vendor/laravel/framework/src/Illuminate/Database/Connection.php(405): Illuminate\\Database\\Connection->run()
#2 /media/rumon/PLANT/onekkisubd-dev/vendor/laravel/framework/src/Illuminate/Database/Query/Builder.php(2655): Illuminate\\Database\\Connection->select()
#3 /media/rumon/PLANT/onekkisubd-dev/vendor/laravel/framework/src/Illuminate/Database/Query/Builder.php(2644): Illuminate\\Database\\Query\\Builder->runSelect()
#4 /media/rumon/PLANT/onekkisubd-dev/vendor/laravel/framework/src/Illuminate/Database/Query/Builder.php(3180): Illuminate\\Database\\Query\\Builder->Illuminate\\Database\\Query\\{closure}()
#5 /media/rumon/PLANT/onekkisubd-dev/vendor/laravel/framework/src/Illuminate/Database/Query/Builder.php(2643): Illuminate\\Database\\Query\\Builder->onceWithColumns()
#6 /media/rumon/PLANT/onekkisubd-dev/vendor/laravel/framework/src/Illuminate/Database/Eloquent/Builder.php(710): Illuminate\\Database\\Query\\Builder->get()
#7 /media/rumon/PLANT/onekkisubd-dev/vendor/laravel/framework/src/Illuminate/Database/Eloquent/Builder.php(694): Illuminate\\Database\\Eloquent\\Builder->getModels()
#8 /media/rumon/PLANT/onekkisubd-dev/vendor/laravel/framework/src/Illuminate/Database/Concerns/BuildsQueries.php(296): Illuminate\\Database\\Eloquent\\Builder->get()
#9 /media/rumon/PLANT/onekkisubd-dev/app/Providers/AppServiceProvider.php(43): Illuminate\\Database\\Eloquent\\Builder->first()
#10 /media/rumon/PLANT/onekkisubd-dev/vendor/laravel/framework/src/Illuminate/Container/BoundMethod.php(36): App\\Providers\\AppServiceProvider->boot()
#11 /media/rumon/PLANT/onekkisubd-dev/vendor/laravel/framework/src/Illuminate/Container/Util.php(41): Illuminate\\Container\\BoundMethod::Illuminate\\Container\\{closure}()
#12 /media/rumon/PLANT/onekkisubd-dev/vendor/laravel/framework/src/Illuminate/Container/BoundMethod.php(93): Illuminate\\Container\\Util::unwrapIfClosure()
#13 /media/rumon/PLANT/onekkisubd-dev/vendor/laravel/framework/src/Illuminate/Container/BoundMethod.php(35): Illuminate\\Container\\BoundMethod::callBoundMethod()
#14 /media/rumon/PLANT/onekkisubd-dev/vendor/laravel/framework/src/Illuminate/Container/Container.php(663): Illuminate\\Container\\BoundMethod::call()
#15 /media/rumon/PLANT/onekkisubd-dev/vendor/laravel/framework/src/Illuminate/Foundation/Application.php(933): Illuminate\\Container\\Container->call()
#16 /media/rumon/PLANT/onekkisubd-dev/vendor/laravel/framework/src/Illuminate/Foundation/Application.php(914): Illuminate\\Foundation\\Application->bootProvider()
#17 [internal function]: Illuminate\\Foundation\\Application->Illuminate\\Foundation\\{closure}()
#18 /media/rumon/PLANT/onekkisubd-dev/vendor/laravel/framework/src/Illuminate/Foundation/Application.php(913): array_walk()
#19 /media/rumon/PLANT/onekkisubd-dev/vendor/laravel/framework/src/Illuminate/Foundation/Bootstrap/BootProviders.php(17): Illuminate\\Foundation\\Application->boot()
#20 /media/rumon/PLANT/onekkisubd-dev/vendor/laravel/framework/src/Illuminate/Foundation/Application.php(242): Illuminate\\Foundation\\Bootstrap\\BootProviders->bootstrap()
#21 /media/rumon/PLANT/onekkisubd-dev/vendor/laravel/framework/src/Illuminate/Foundation/Console/Kernel.php(383): Illuminate\\Foundation\\Application->bootstrapWith()
#22 /media/rumon/PLANT/onekkisubd-dev/vendor/laravel/framework/src/Illuminate/Foundation/Console/Kernel.php(153): Illuminate\\Foundation\\Console\\Kernel->bootstrap()
#23 /media/rumon/PLANT/onekkisubd-dev/artisan(35): Illuminate\\Foundation\\Console\\Kernel->handle()
#24 {main}

[previous exception] [object] (PDOException(code: 1045): SQLSTATE[HY000] [1045] Access denied for user 'u458093468_onekkisubd'@'localhost' (using password: YES) at /media/rumon/PLANT/onekkisubd-dev/vendor/laravel/framework/src/Illuminate/Database/Connectors/Connector.php:70)
[stacktrace]
#0 /media/rumon/PLANT/onekkisubd-dev/vendor/laravel/framework/src/Illuminate/Database/Connectors/Connector.php(70): PDO->__construct()
#1 /media/rumon/PLANT/onekkisubd-dev/vendor/laravel/framework/src/Illuminate/Database/Connectors/Connector.php(45): Illuminate\\Database\\Connectors\\Connector->createPdoConnection()
#2 /media/rumon/PLANT/onekkisubd-dev/vendor/laravel/framework/src/Illuminate/Database/Connectors/MySqlConnector.php(24): Illuminate\\Database\\Connectors\\Connector->createConnection()
#3 /media/rumon/PLANT/onekkisubd-dev/vendor/laravel/framework/src/Illuminate/Database/Connectors/ConnectionFactory.php(184): Illuminate\\Database\\Connectors\\MySqlConnector->connect()
#4 [internal function]: Illuminate\\Database\\Connectors\\ConnectionFactory->Illuminate\\Database\\Connectors\\{closure}()
#5 /media/rumon/PLANT/onekkisubd-dev/vendor/laravel/framework/src/Illuminate/Database/Connection.php(1181): call_user_func()
#6 /media/rumon/PLANT/onekkisubd-dev/vendor/laravel/framework/src/Illuminate/Database/Connection.php(1217): Illuminate\\Database\\Connection->getPdo()
#7 /media/rumon/PLANT/onekkisubd-dev/vendor/laravel/framework/src/Illuminate/Database/Connection.php(486): Illuminate\\Database\\Connection->getReadPdo()
#8 /media/rumon/PLANT/onekkisubd-dev/vendor/laravel/framework/src/Illuminate/Database/Connection.php(414): Illuminate\\Database\\Connection->getPdoForSelect()
#9 /media/rumon/PLANT/onekkisubd-dev/vendor/laravel/framework/src/Illuminate/Database/Connection.php(753): Illuminate\\Database\\Connection->Illuminate\\Database\\{closure}()
#10 /media/rumon/PLANT/onekkisubd-dev/vendor/laravel/framework/src/Illuminate/Database/Connection.php(720): Illuminate\\Database\\Connection->runQueryCallback()
#11 /media/rumon/PLANT/onekkisubd-dev/vendor/laravel/framework/src/Illuminate/Database/Connection.php(405): Illuminate\\Database\\Connection->run()
#12 /media/rumon/PLANT/onekkisubd-dev/vendor/laravel/framework/src/Illuminate/Database/Query/Builder.php(2655): Illuminate\\Database\\Connection->select()
#13 /media/rumon/PLANT/onekkisubd-dev/vendor/laravel/framework/src/Illuminate/Database/Query/Builder.php(2644): Illuminate\\Database\\Query\\Builder->runSelect()
#14 /media/rumon/PLANT/onekkisubd-dev/vendor/laravel/framework/src/Illuminate/Database/Query/Builder.php(3180): Illuminate\\Database\\Query\\Builder->Illuminate\\Database\\Query\\{closure}()
#15 /media/rumon/PLANT/onekkisubd-dev/vendor/laravel/framework/src/Illuminate/Database/Query/Builder.php(2643): Illuminate\\Database\\Query\\Builder->onceWithColumns()
#16 /media/rumon/PLANT/onekkisubd-dev/vendor/laravel/framework/src/Illuminate/Database/Eloquent/Builder.php(710): Illuminate\\Database\\Query\\Builder->get()
#17 /media/rumon/PLANT/onekkisubd-dev/vendor/laravel/framework/src/Illuminate/Database/Eloquent/Builder.php(694): Illuminate\\Database\\Eloquent\\Builder->getModels()
#18 /media/rumon/PLANT/onekkisubd-dev/vendor/laravel/framework/src/Illuminate/Database/Concerns/BuildsQueries.php(296): Illuminate\\Database\\Eloquent\\Builder->get()
#19 /media/rumon/PLANT/onekkisubd-dev/app/Providers/AppServiceProvider.php(43): Illuminate\\Database\\Eloquent\\Builder->first()
#20 /media/rumon/PLANT/onekkisubd-dev/vendor/laravel/framework/src/Illuminate/Container/BoundMethod.php(36): App\\Providers\\AppServiceProvider->boot()
#21 /media/rumon/PLANT/onekkisubd-dev/vendor/laravel/framework/src/Illuminate/Container/Util.php(41): Illuminate\\Container\\BoundMethod::Illuminate\\Container\\{closure}()
#22 /media/rumon/PLANT/onekkisubd-dev/vendor/laravel/framework/src/Illuminate/Container/BoundMethod.php(93): Illuminate\\Container\\Util::unwrapIfClosure()
#23 /media/rumon/PLANT/onekkisubd-dev/vendor/laravel/framework/src/Illuminate/Container/BoundMethod.php(35): Illuminate\\Container\\BoundMethod::callBoundMethod()
#24 /media/rumon/PLANT/onekkisubd-dev/vendor/laravel/framework/src/Illuminate/Container/Container.php(663): Illuminate\\Container\\BoundMethod::call()
#25 /media/rumon/PLANT/onekkisubd-dev/vendor/laravel/framework/src/Illuminate/Foundation/Application.php(933): Illuminate\\Container\\Container->call()
#26 /media/rumon/PLANT/onekkisubd-dev/vendor/laravel/framework/src/Illuminate/Foundation/Application.php(914): Illuminate\\Foundation\\Application->bootProvider()
#27 [internal function]: Illuminate\\Foundation\\Application->Illuminate\\Foundation\\{closure}()
#28 /media/rumon/PLANT/onekkisubd-dev/vendor/laravel/framework/src/Illuminate/Foundation/Application.php(913): array_walk()
#29 /media/rumon/PLANT/onekkisubd-dev/vendor/laravel/framework/src/Illuminate/Foundation/Bootstrap/BootProviders.php(17): Illuminate\\Foundation\\Application->boot()
#30 /media/rumon/PLANT/onekkisubd-dev/vendor/laravel/framework/src/Illuminate/Foundation/Application.php(242): Illuminate\\Foundation\\Bootstrap\\BootProviders->bootstrap()
#31 /media/rumon/PLANT/onekkisubd-dev/vendor/laravel/framework/src/Illuminate/Foundation/Console/Kernel.php(383): Illuminate\\Foundation\\Application->bootstrapWith()
#32 /media/rumon/PLANT/onekkisubd-dev/vendor/laravel/framework/src/Illuminate/Foundation/Console/Kernel.php(153): Illuminate\\Foundation\\Console\\Kernel->bootstrap()
#33 /media/rumon/PLANT/onekkisubd-dev/artisan(35): Illuminate\\Foundation\\Console\\Kernel->handle()
#34 {main}
"} 
[2026-09-18 22:03:56] local.ERROR: Class "shurjopayv2\ShurjopayLaravelPackage8\ShurjopayServiceProvider" not found {"exception":"[object] (Error(code: 0): Class \"shurjopayv2\\ShurjopayLaravelPackage8\\ShurjopayServiceProvider\" not found at /media/rumon/PLANT/onekkisubd-dev/vendor/laravel/framework/src/Illuminate/Foundation/ProviderRepository.php:208)
[stacktrace]
#0 /media/rumon/PLANT/onekkisubd-dev/vendor/laravel/framework/src/Illuminate/Foundation/ProviderRepository.php(144): Illuminate\\Foundation\\ProviderRepository->createProvider()
#1 /media/rumon/PLANT/onekkisubd-dev/vendor/laravel/framework/src/Illuminate/Foundation/ProviderRepository.php(61): Illuminate\\Foundation\\ProviderRepository->compileManifest()
#2 /media/rumon/PLANT/onekkisubd-dev/vendor/laravel/framework/src/Illuminate/Foundation/Application.php(666): Illuminate\\Foundation\\ProviderRepository->load()
#3 /media/rumon/PLANT/onekkisubd-dev/vendor/laravel/framework/src/Illuminate/Foundation/Bootstrap/RegisterProviders.php(17): Illuminate\\Foundation\\Application->registerConfiguredProviders()
#4 /media/rumon/PLANT/onekkisubd-dev/vendor/laravel/framework/src/Illuminate/Foundation/Application.php(242): Illuminate\\Foundation\\Bootstrap\\RegisterProviders->bootstrap()
#5 /media/rumon/PLANT/onekkisubd-dev/vendor/laravel/framework/src/Illuminate/Foundation/Console/Kernel.php(383): Illuminate\\Foundation\\Application->bootstrapWith()
#6 /media/rumon/PLANT/onekkisubd-dev/vendor/laravel/framework/src/Illuminate/Foundation/Console/Kernel.php(153): Illuminate\\Foundation\\Console\\Kernel->bootstrap()
#7 /media/rumon/PLANT/onekkisubd-dev/artisan(35): Illuminate\\Foundation\\Console\\Kernel->handle()
#8 {main}
"} 
[2026-09-18 22:10:48] local.ERROR: Class "shurjopayv2\ShurjopayLaravelPackage8\ShurjopayServiceProvider" not found {"exception":"[object] (Error(code: 0): Class \"shurjopayv2\\ShurjopayLaravelPackage8\\ShurjopayServiceProvider\" not found at /media/rumon/PLANT/onekkisubd-dev/vendor/laravel/framework/src/Illuminate/Foundation/ProviderRepository.php:208)
[stacktrace]
#0 /media/rumon/PLANT/onekkisubd-dev/vendor/laravel/framework/src/Illuminate/Foundation/ProviderRepository.php(144): Illuminate\\Foundation\\ProviderRepository->createProvider()
#1 /media/rumon/PLANT/onekkisubd-dev/vendor/laravel/framework/src/Illuminate/Foundation/ProviderRepository.php(61): Illuminate\\Foundation\\ProviderRepository->compileManifest()
#2 /media/rumon/PLANT/onekkisubd-dev/vendor/laravel/framework/src/Illuminate/Foundation/Application.php(666): Illuminate\\Foundation\\ProviderRepository->load()
#3 /media/rumon/PLANT/onekkisubd-dev/vendor/laravel/framework/src/Illuminate/Foundation/Bootstrap/RegisterProviders.php(17): Illuminate\\Foundation\\Application->registerConfiguredProviders()
#4 /media/rumon/PLANT/onekkisubd-dev/vendor/laravel/framework/src/Illuminate/Foundation/Application.php(242): Illuminate\\Foundation\\Bootstrap\\RegisterProviders->bootstrap()
#5 /media/rumon/PLANT/onekkisubd-dev/vendor/laravel/framework/src/Illuminate/Foundation/Console/Kernel.php(383): Illuminate\\Foundation\\Application->bootstrapWith()
#6 /media/rumon/PLANT/onekkisubd-dev/vendor/laravel/framework/src/Illuminate/Foundation/Console/Kernel.php(153): Illuminate\\Foundation\\Console\\Kernel->bootstrap()
#7 /media/rumon/PLANT/onekkisubd-dev/artisan(35): Illuminate\\Foundation\\Console\\Kernel->handle()
#8 {main}
"} 
[2026-09-18 22:19:24] local.ERROR: SQLSTATE[HY000] [1045] Access denied for user 'u458093468_onekkisubd'@'localhost' (using password: YES) (SQL: select * from `payment_gateways` where (`status` = 1 and `type` = shurjopay) limit 1) {"exception":"[object] (Illuminate\\Database\\QueryException(code: 1045): SQLSTATE[HY000] [1045] Access denied for user 'u458093468_onekkisubd'@'localhost' (using password: YES) (SQL: select * from `payment_gateways` where (`status` = 1 and `type` = shurjopay) limit 1) at /media/rumon/PLANT/onekkisubd-dev/vendor/laravel/framework/src/Illuminate/Database/Connection.php:760)
[stacktrace]
#0 /media/rumon/PLANT/onekkisubd-dev/vendor/laravel/framework/src/Illuminate/Database/Connection.php(720): Illuminate\\Database\\Connection->runQueryCallback()
#1 /media/rumon/PLANT/onekkisubd-dev/vendor/laravel/framework/src/Illuminate/Database/Connection.php(405): Illuminate\\Database\\Connection->run()
#2 /media/rumon/PLANT/onekkisubd-dev/vendor/laravel/framework/src/Illuminate/Database/Query/Builder.php(2655): Illuminate\\Database\\Connection->select()
#3 /media/rumon/PLANT/onekkisubd-dev/vendor/laravel/framework/src/Illuminate/Database/Query/Builder.php(2644): Illuminate\\Database\\Query\\Builder->runSelect()
#4 /media/rumon/PLANT/onekkisubd-dev/vendor/laravel/framework/src/Illuminate/Database/Query/Builder.php(3180): Illuminate\\Database\\Query\\Builder->Illuminate\\Database\\Query\\{closure}()
#5 /media/rumon/PLANT/onekkisubd-dev/vendor/laravel/framework/src/Illuminate/Database/Query/Builder.php(2643): Illuminate\\Database\\Query\\Builder->onceWithColumns()
#6 /media/rumon/PLANT/onekkisubd-dev/vendor/laravel/framework/src/Illuminate/Database/Eloquent/Builder.php(710): Illuminate\\Database\\Query\\Builder->get()
#7 /media/rumon/PLANT/onekkisubd-dev/vendor/laravel/framework/src/Illuminate/Database/Eloquent/Builder.php(694): Illuminate\\Database\\Eloquent\\Builder->getModels()
#8 /media/rumon/PLANT/onekkisubd-dev/vendor/laravel/framework/src/Illuminate/Database/Concerns/BuildsQueries.php(296): Illuminate\\Database\\Eloquent\\Builder->get()
#9 /media/rumon/PLANT/onekkisubd-dev/app/Providers/AppServiceProvider.php(43): Illuminate\\Database\\Eloquent\\Builder->first()
#10 /media/rumon/PLANT/onekkisubd-dev/vendor/laravel/framework/src/Illuminate/Container/BoundMethod.php(36): App\\Providers\\AppServiceProvider->boot()
#11 /media/rumon/PLANT/onekkisubd-dev/vendor/laravel/framework/src/Illuminate/Container/Util.php(41): Illuminate\\Container\\BoundMethod::Illuminate\\Container\\{closure}()
#12 /media/rumon/PLANT/onekkisubd-dev/vendor/laravel/framework/src/Illuminate/Container/BoundMethod.php(93): Illuminate\\Container\\Util::unwrapIfClosure()
#13 /media/rumon/PLANT/onekkisubd-dev/vendor/laravel/framework/src/Illuminate/Container/BoundMethod.php(35): Illuminate\\Container\\BoundMethod::callBoundMethod()
#14 /media/rumon/PLANT/onekkisubd-dev/vendor/laravel/framework/src/Illuminate/Container/Container.php(663): Illuminate\\Container\\BoundMethod::call()
#15 /media/rumon/PLANT/onekkisubd-dev/vendor/laravel/framework/src/Illuminate/Foundation/Application.php(933): Illuminate\\Container\\Container->call()
#16 /media/rumon/PLANT/onekkisubd-dev/vendor/laravel/framework/src/Illuminate/Foundation/Application.php(914): Illuminate\\Foundation\\Application->bootProvider()
#17 [internal function]: Illuminate\\Foundation\\Application->Illuminate\\Foundation\\{closure}()
#18 /media/rumon/PLANT/onekkisubd-dev/vendor/laravel/framework/src/Illuminate/Foundation/Application.php(913): array_walk()
#19 /media/rumon/PLANT/onekkisubd-dev/vendor/laravel/framework/src/Illuminate/Foundation/Bootstrap/BootProviders.php(17): Illuminate\\Foundation\\Application->boot()
#20 /media/rumon/PLANT/onekkisubd-dev/vendor/laravel/framework/src/Illuminate/Foundation/Application.php(242): Illuminate\\Foundation\\Bootstrap\\BootProviders->bootstrap()
#21 /media/rumon/PLANT/onekkisubd-dev/vendor/laravel/framework/src/Illuminate/Foundation/Console/Kernel.php(383): Illuminate\\Foundation\\Application->bootstrapWith()
#22 /media/rumon/PLANT/onekkisubd-dev/vendor/laravel/framework/src/Illuminate/Foundation/Console/Kernel.php(153): Illuminate\\Foundation\\Console\\Kernel->bootstrap()
#23 /media/rumon/PLANT/onekkisubd-dev/artisan(35): Illuminate\\Foundation\\Console\\Kernel->handle()
#24 {main}

[previous exception] [object] (PDOException(code: 1045): SQLSTATE[HY000] [1045] Access denied for user 'u458093468_onekkisubd'@'localhost' (using password: YES) at /media/rumon/PLANT/onekkisubd-dev/vendor/laravel/framework/src/Illuminate/Database/Connectors/Connector.php:70)
[stacktrace]
#0 /media/rumon/PLANT/onekkisubd-dev/vendor/laravel/framework/src/Illuminate/Database/Connectors/Connector.php(70): PDO->__construct()
#1 /media/rumon/PLANT/onekkisubd-dev/vendor/laravel/framework/src/Illuminate/Database/Connectors/Connector.php(45): Illuminate\\Database\\Connectors\\Connector->createPdoConnection()
#2 /media/rumon/PLANT/onekkisubd-dev/vendor/laravel/framework/src/Illuminate/Database/Connectors/MySqlConnector.php(24): Illuminate\\Database\\Connectors\\Connector->createConnection()
#3 /media/rumon/PLANT/onekkisubd-dev/vendor/laravel/framework/src/Illuminate/Database/Connectors/ConnectionFactory.php(184): Illuminate\\Database\\Connectors\\MySqlConnector->connect()
#4 [internal function]: Illuminate\\Database\\Connectors\\ConnectionFactory->Illuminate\\Database\\Connectors\\{closure}()
#5 /media/rumon/PLANT/onekkisubd-dev/vendor/laravel/framework/src/Illuminate/Database/Connection.php(1181): call_user_func()
#6 /media/rumon/PLANT/onekkisubd-dev/vendor/laravel/framework/src/Illuminate/Database/Connection.php(1217): Illuminate\\Database\\Connection->getPdo()
#7 /media/rumon/PLANT/onekkisubd-dev/vendor/laravel/framework/src/Illuminate/Database/Connection.php(486): Illuminate\\Database\\Connection->getReadPdo()
#8 /media/rumon/PLANT/onekkisubd-dev/vendor/laravel/framework/src/Illuminate/Database/Connection.php(414): Illuminate\\Database\\Connection->getPdoForSelect()
#9 /media/rumon/PLANT/onekkisubd-dev/vendor/laravel/framework/src/Illuminate/Database/Connection.php(753): Illuminate\\Database\\Connection->Illuminate\\Database\\{closure}()
#10 /media/rumon/PLANT/onekkisubd-dev/vendor/laravel/framework/src/Illuminate/Database/Connection.php(720): Illuminate\\Database\\Connection->runQueryCallback()
#11 /media/rumon/PLANT/onekkisubd-dev/vendor/laravel/framework/src/Illuminate/Database/Connection.php(405): Illuminate\\Database\\Connection->run()
#12 /media/rumon/PLANT/onekkisubd-dev/vendor/laravel/framework/src/Illuminate/Database/Query/Builder.php(2655): Illuminate\\Database\\Connection->select()
#13 /media/rumon/PLANT/onekkisubd-dev/vendor/laravel/framework/src/Illuminate/Database/Query/Builder.php(2644): Illuminate\\Database\\Query\\Builder->runSelect()
#14 /media/rumon/PLANT/onekkisubd-dev/vendor/laravel/framework/src/Illuminate/Database/Query/Builder.php(3180): Illuminate\\Database\\Query\\Builder->Illuminate\\Database\\Query\\{closure}()
#15 /media/rumon/PLANT/onekkisubd-dev/vendor/laravel/framework/src/Illuminate/Database/Query/Builder.php(2643): Illuminate\\Database\\Query\\Builder->onceWithColumns()
#16 /media/rumon/PLANT/onekkisubd-dev/vendor/laravel/framework/src/Illuminate/Database/Eloquent/Builder.php(710): Illuminate\\Database\\Query\\Builder->get()
#17 /media/rumon/PLANT/onekkisubd-dev/vendor/laravel/framework/src/Illuminate/Database/Eloquent/Builder.php(694): Illuminate\\Database\\Eloquent\\Builder->getModels()
#18 /media/rumon/PLANT/onekkisubd-dev/vendor/laravel/framework/src/Illuminate/Database/Concerns/BuildsQueries.php(296): Illuminate\\Database\\Eloquent\\Builder->get()
#19 /media/rumon/PLANT/onekkisubd-dev/app/Providers/AppServiceProvider.php(43): Illuminate\\Database\\Eloquent\\Builder->first()
#20 /media/rumon/PLANT/onekkisubd-dev/vendor/laravel/framework/src/Illuminate/Container/BoundMethod.php(36): App\\Providers\\AppServiceProvider->boot()
#21 /media/rumon/PLANT/onekkisubd-dev/vendor/laravel/framework/src/Illuminate/Container/Util.php(41): Illuminate\\Container\\BoundMethod::Illuminate\\Container\\{closure}()
#22 /media/rumon/PLANT/onekkisubd-dev/vendor/laravel/framework/src/Illuminate/Container/BoundMethod.php(93): Illuminate\\Container\\Util::unwrapIfClosure()
#23 /media/rumon/PLANT/onekkisubd-dev/vendor/laravel/framework/src/Illuminate/Container/BoundMethod.php(35): Illuminate\\Container\\BoundMethod::callBoundMethod()
#24 /media/rumon/PLANT/onekkisubd-dev/vendor/laravel/framework/src/Illuminate/Container/Container.php(663): Illuminate\\Container\\BoundMethod::call()
#25 /media/rumon/PLANT/onekkisubd-dev/vendor/laravel/framework/src/Illuminate/Foundation/Application.php(933): Illuminate\\Container\\Container->call()
#26 /media/rumon/PLANT/onekkisubd-dev/vendor/laravel/framework/src/Illuminate/Foundation/Application.php(914): Illuminate\\Foundation\\Application->bootProvider()
#27 [internal function]: Illuminate\\Foundation\\Application->Illuminate\\Foundation\\{closure}()
#28 /media/rumon/PLANT/onekkisubd-dev/vendor/laravel/framework/src/Illuminate/Foundation/Application.php(913): array_walk()
#29 /media/rumon/PLANT/onekkisubd-dev/vendor/laravel/framework/src/Illuminate/Foundation/Bootstrap/BootProviders.php(17): Illuminate\\Foundation\\Application->boot()
#30 /media/rumon/PLANT/onekkisubd-dev/vendor/laravel/framework/src/Illuminate/Foundation/Application.php(242): Illuminate\\Foundation\\Bootstrap\\BootProviders->bootstrap()
#31 /media/rumon/PLANT/onekkisubd-dev/vendor/laravel/framework/src/Illuminate/Foundation/Console/Kernel.php(383): Illuminate\\Foundation\\Application->bootstrapWith()
#32 /media/rumon/PLANT/onekkisubd-dev/vendor/laravel/framework/src/Illuminate/Foundation/Console/Kernel.php(153): Illuminate\\Foundation\\Console\\Kernel->bootstrap()
#33 /media/rumon/PLANT/onekkisubd-dev/artisan(35): Illuminate\\Foundation\\Console\\Kernel->handle()
#34 {main}
"} 
